2025-08-30 07:28:41 [background-preinit] INFO  o.h.validator.internal.util.Version - HV000001: Hibernate Validator 8.0.2.Final
2025-08-30 07:28:42 [main] INFO  org.js.SpringBootApp - Starting SpringBootApp v2.0.0 using Java 17.0.16 with PID 1 (/app/app.jar started by appuser in /app)
2025-08-30 07:28:42 [main] DEBUG org.js.SpringBootApp - Running with Spring Boot v3.4.2, Spring v6.2.2
2025-08-30 07:28:42 [main] INFO  org.js.SpringBootApp - The following 1 profile is active: "dev"
2025-08-30 07:28:44 [main] INFO  o.s.d.r.c.RepositoryConfigurationDelegate - Bootstrapping Spring Data JPA repositories in DEFAULT mode.
2025-08-30 07:28:44 [main] INFO  o.s.d.r.c.RepositoryConfigurationDelegate - Finished Spring Data repository scanning in 55 ms. Found 1 JPA repository interface.
2025-08-30 07:28:45 [main] INFO  o.s.b.w.e.tomcat.TomcatWebServer - Tomcat initialized with port 8080 (http)
2025-08-30 07:28:45 [main] INFO  o.a.coyote.http11.Http11NioProtocol - Initializing ProtocolHandler ["http-nio-8080"]
2025-08-30 07:28:45 [main] INFO  o.a.catalina.core.StandardService - Starting service [Tomcat]
2025-08-30 07:28:45 [main] INFO  o.a.catalina.core.StandardEngine - Starting Servlet engine: [Apache Tomcat/10.1.34]
2025-08-30 07:28:45 [main] INFO  o.a.c.c.C.[Tomcat].[localhost].[/] - Initializing Spring embedded WebApplicationContext
2025-08-30 07:28:45 [main] INFO  o.s.b.w.s.c.ServletWebServerApplicationContext - Root WebApplicationContext: initialization completed in -4426 ms
2025-08-30 07:28:46 [main] INFO  o.h.jpa.internal.util.LogHelper - HHH000204: Processing PersistenceUnitInfo [name: default]
2025-08-30 07:28:46 [main] INFO  org.hibernate.Version - HHH000412: Hibernate ORM core version 6.6.5.Final
2025-08-30 07:28:46 [main] INFO  o.h.c.i.RegionFactoryInitiator - HHH000026: Second-level cache disabled
2025-08-30 07:28:46 [main] INFO  o.s.o.j.p.SpringPersistenceUnitInfo - No LoadTimeWeaver setup: ignoring JPA class transformer
2025-08-30 07:28:46 [main] INFO  com.zaxxer.hikari.HikariDataSource - HikariPool-1 - Starting...
2025-08-30 07:28:47 [main] INFO  com.zaxxer.hikari.pool.HikariPool - HikariPool-1 - Added connection org.postgresql.jdbc.PgConnection@18ca9277
2025-08-30 07:28:47 [main] INFO  com.zaxxer.hikari.HikariDataSource - HikariPool-1 - Start completed.
2025-08-30 07:28:47 [main] WARN  org.hibernate.orm.deprecation - HHH90000025: PostgreSQLDialect does not need to be specified explicitly using 'hibernate.dialect' (remove the property setting and it will be selected by default)
2025-08-30 07:28:47 [main] INFO  o.hibernate.orm.connections.pooling - HHH10001005: Database info:
	Database JDBC URL [Connecting through datasource 'HikariDataSource (HikariPool-1)']
	Database driver: undefined/unknown
	Database version: 16.9
	Autocommit mode: undefined/unknown
	Isolation level: undefined/unknown
	Minimum pool size: undefined/unknown
	Maximum pool size: undefined/unknown
2025-08-30 07:28:55 [main] INFO  o.h.e.t.j.p.i.JtaPlatformInitiator - HHH000489: No JTA platform available (set 'hibernate.transaction.jta.platform' to enable JTA platform integration)
2025-08-30 07:28:55 [main] INFO  o.s.o.j.LocalContainerEntityManagerFactoryBean - Initialized JPA EntityManagerFactory for persistence unit 'default'
2025-08-30 07:28:57 [main] WARN  o.s.b.a.o.j.JpaBaseConfiguration$JpaWebConfiguration - spring.jpa.open-in-view is enabled by default. Therefore, database queries may be performed during view rendering. Explicitly configure spring.jpa.open-in-view to disable this warning
2025-08-30 07:29:00 [main] INFO  o.s.b.a.e.web.EndpointLinksResolver - Exposing 15 endpoints beneath base path '/actuator'
2025-08-30 07:29:00 [main] INFO  o.a.coyote.http11.Http11NioProtocol - Starting ProtocolHandler ["http-nio-8080"]
2025-08-30 07:29:00 [main] INFO  o.s.b.w.e.tomcat.TomcatWebServer - Tomcat started on port 8080 (http) with context path '/'
2025-08-30 07:29:00 [main] INFO  org.js.SpringBootApp - Started SpringBootApp in 19.924 seconds (process running for 13.619)
2025-08-30 07:29:19 [http-nio-8080-exec-3] INFO  o.a.c.c.C.[Tomcat].[localhost].[/] - Initializing Spring DispatcherServlet 'dispatcherServlet'
2025-08-30 07:29:19 [http-nio-8080-exec-3] INFO  o.s.web.servlet.DispatcherServlet - Initializing Servlet 'dispatcherServlet'
2025-08-30 07:29:19 [http-nio-8080-exec-3] INFO  o.s.web.servlet.DispatcherServlet - Completed initialization in 2 ms
2025-08-30 07:29:19 [http-nio-8080-exec-3] INFO  o.j.c.ExerciseCrudController - GET /psyba/api/exercise - Fetching exercises with params: name=null, primaryMuscles=null, secondaryMuscles=null, level=null, force=null, category=null, equipment=null, mechanic=null
2025-08-30 07:29:19 [http-nio-8080-exec-3] INFO  org.js.service.ExerciseService - START getExercises - name: null
2025-08-30 07:29:19 [http-nio-8080-exec-3] DEBUG org.js.service.ExerciseService - getExercises - after spec filter: 1 exercises
2025-08-30 07:29:19 [http-nio-8080-exec-3] INFO  org.js.service.ExerciseService - END getExercises - result size: 1
2025-08-30 07:30:44 [http-nio-8080-exec-6] INFO  o.j.c.ExerciseCrudController - GET /psyba/api/exercise - Fetching exercises with params: name=null, primaryMuscles=null, secondaryMuscles=null, level=null, force=null, category=null, equipment=null, mechanic=null
2025-08-30 07:30:44 [http-nio-8080-exec-6] INFO  org.js.service.ExerciseService - START getExercises - name: null
2025-08-30 07:30:44 [http-nio-8080-exec-6] DEBUG org.js.service.ExerciseService - getExercises - after spec filter: 1 exercises
2025-08-30 07:30:44 [http-nio-8080-exec-6] INFO  org.js.service.ExerciseService - END getExercises - result size: 1
2025-08-30 07:30:58 [http-nio-8080-exec-7] INFO  o.j.c.ExerciseCrudController - GET /psyba/api/exercise - Fetching exercises with params: name=null, primaryMuscles=null, secondaryMuscles=null, level=null, force=null, category=null, equipment=null, mechanic=null
2025-08-30 07:30:58 [http-nio-8080-exec-7] INFO  org.js.service.ExerciseService - START getExercises - name: null
2025-08-30 07:30:58 [http-nio-8080-exec-7] DEBUG org.js.service.ExerciseService - getExercises - after spec filter: 1 exercises
2025-08-30 07:30:58 [http-nio-8080-exec-7] INFO  org.js.service.ExerciseService - END getExercises - result size: 1
2025-08-30 07:31:08 [http-nio-8080-exec-8] INFO  o.j.c.ExerciseCrudController - GET /psyba/api/exercise - Fetching exercises with params: name=null, primaryMuscles=null, secondaryMuscles=null, level=null, force=null, category=null, equipment=null, mechanic=null
2025-08-30 07:31:08 [http-nio-8080-exec-8] INFO  org.js.service.ExerciseService - START getExercises - name: null
2025-08-30 07:31:08 [http-nio-8080-exec-8] DEBUG org.js.service.ExerciseService - getExercises - after spec filter: 1 exercises
2025-08-30 07:31:08 [http-nio-8080-exec-8] INFO  org.js.service.ExerciseService - END getExercises - result size: 1
